RAM : INIT : Loading RAM contents from test/1-binary/1-r-type/addu_tb.txt
TB : INFO : RAM_ACCESS: Read from 0xbfc00000, data: 0x8c030008
TB : INFO : RAM_ACCESS: Read from 0x00000008, data: 0x00000003
TB : INFO : RAM_ACCESS: Read from 0xbfc00004, data: 0x8c0b0000
TB : INFO : RAM_ACCESS: Read from 0x00000000, data: 0x00000007
TB : INFO : RAM_ACCESS: Read from 0xbfc00008, data: 0x006b1021
TB : INFO : RAM_ACCESS: Read from 0xbfc0000c, data: 0x00000008
TB : INFO : RAM_ACCESS: Read from 0xbfc00010, data: 0x00000000
register_v0_final 0000000a
test/bus_cpu_tb.v:52: $finish called at 350 (1s)
