RAM : INIT : Loading RAM contents from test/1-binary/3-memory-access/lhu_tb1.txt
TB : INFO : RAM_ACCESS: Read from 0xbfc00000, data: 0x94020032
TB : INFO : RAM_ACCESS: Read from 0x00000030, data: 0xff808087
TB : INFO : RAM_ACCESS: Read from 0xbfc00004, data: 0x00000008
TB : INFO : RAM_ACCESS: Read from 0xbfc00008, data: 0x00000000
register_v0_final 00008087
test/bus_cpu_tb.v:52: $finish called at 230 (1s)
