RAM : INIT : Loading RAM contents from test/1-binary/3-memory-access/lwl_tb3.txt
TB : INFO : RAM_ACCESS: Read from 0xbfc00000, data: 0x88020002
TB : INFO : RAM_ACCESS: Read from 0x00000000, data: 0x12345678
TB : INFO : RAM_ACCESS: Read from 0xbfc00004, data: 0x00000008
TB : INFO : RAM_ACCESS: Read from 0xbfc00008, data: 0x00000000
register_v0_final 56780000
test/bus_cpu_tb.v:52: $finish called at 230 (1s)
