RAM : INIT : Loading RAM contents from test/1-binary/3-memory-access/lwr_tb2.txt
TB : INFO : RAM_ACCESS: Read from 0xbfc00000, data: 0x98020001
TB : INFO : RAM_ACCESS: Read from 0x00000000, data: 0x12345678
TB : INFO : RAM_ACCESS: Read from 0xbfc00004, data: 0x00000008
TB : INFO : RAM_ACCESS: Read from 0xbfc00008, data: 0x00000000
register_v0_final 00001234
test/bus_cpu_tb.v:52: $finish called at 230 (1s)
