RAM : INIT : Loading RAM contents from test/1-binary/3-memory-access/sb_tb3.txt
TB : INFO : RAM_ACCESS: Read from 0xbfc00000, data: 0x240300ff
TB : INFO : RAM_ACCESS: Read from 0xbfc00004, data: 0xa0030002
TB : INFO : RAM_ACCESS: Store to 0x00000000, data: 0x00000000
TB : INFO : RAM_ACCESS: Read from 0xbfc00008, data: 0x8c020000
TB : INFO : RAM_ACCESS: Store to 0x00000000, data: 0x0000ff00
TB : INFO : RAM_ACCESS: Read from 0x00000000, data: 0x0000ff00
TB : INFO : RAM_ACCESS: Read from 0xbfc0000c, data: 0x00000008
TB : INFO : RAM_ACCESS: Read from 0xbfc00010, data: 0x00000000
register_v0_final 0000ff00
test/bus_cpu_tb.v:52: $finish called at 350 (1s)
