RAM : INIT : Loading RAM contents from test/1-binary/4-branch/bne_tb.txt
TB : INFO : RAM_ACCESS: Read from 0xbfc00000, data: 0x24020000
TB : INFO : RAM_ACCESS: Read from 0xbfc00004, data: 0x24030004
TB : INFO : RAM_ACCESS: Read from 0xbfc00008, data: 0x24040000
TB : INFO : RAM_ACCESS: Read from 0xbfc0000c, data: 0x14640003
TB : INFO : RAM_ACCESS: Read from 0xbfc00010, data: 0x24420001
TB : INFO : RAM_ACCESS: Read from 0xbfc00018, data: 0x24420004
TB : INFO : RAM_ACCESS: Read from 0xbfc0001c, data: 0x00000008
TB : INFO : RAM_ACCESS: Read from 0xbfc00020, data: 0x00000000
TB : INFO : RAM_ACCESS: Read from 0x00000000, data: 0x00000000
register_v0_final 00000005
test/bus_cpu_tb.v:52: $finish called at 550 (1s)
