RAM : INIT : Loading RAM contents from test/1-binary/6-multiply/divu_tb3.txt
TB : INFO : RAM_ACCESS: Read from 0xbfc00000, data: 0x2403fff2
TB : INFO : RAM_ACCESS: Read from 0xbfc00004, data: 0x24020004
TB : INFO : RAM_ACCESS: Read from 0xbfc00008, data: 0x0062001b
TB : INFO : RAM_ACCESS: Read from 0xbfc0000c, data: 0x00001012
TB : INFO : RAM_ACCESS: Read from 0xbfc00010, data: 0x00000008
TB : INFO : RAM_ACCESS: Read from 0xbfc00014, data: 0x00000000
TB : INFO : RAM_ACCESS: Read from 0x00000000, data: 0x00000000
register_v0_final 3ffffffc
test/bus_cpu_tb.v:52: $finish called at 430 (1s)
